// Jest Snapshot v1, https://goo.gl/fbAQLP

exports[`should render Dashboard Page properly 1`] = `
<div>
  Dashboard page
</div>
`;
